python : Traceback 
(most recent call 
last):
En línea: 1 Carácter: 
1
+ python test_invitati
on_flow.py > 
test_output.txt 2>&1
+ ~~~~~~~~~~~~~~~~~~~~
~~~~~~~~~~~~~~~~~~~~~~
~~~~~~~~~~~
    + CategoryInfo    
          : NotSpeci  
  fied: (Traceback    
 (most recent call    
 last)::String) [    
], RemoteExceptio    n
    + FullyQualifiedE 
   rrorId : NativeCo  
  mmandError
 
  File "C:\Users\egome
\Desktop\python_projec
t\padel_project\test_i
nvitation_flow.py", 
line 8, in <module>
    django.setup()
  File "C:\Users\egome
\AppData\Local\Package
s\PythonSoftwareFounda
tion.Python.3.11_qbz5n
2kfra8p0\LocalCache\lo
cal-packages\Python311
\site-packages\django\
__init__.py", line 
19, in setup
    configure_logging(
settings.LOGGING_CONFI
G, settings.LOGGING)
                      
^^^^^^^^^^^^^^^^^^^^^^
^
  File "C:\Users\egome
\AppData\Local\Package
s\PythonSoftwareFounda
tion.Python.3.11_qbz5n
2kfra8p0\LocalCache\lo
cal-packages\Python311
\site-packages\django\
conf\__init__.py", 
line 81, in 
__getattr__
    self._setup(name)
  File "C:\Users\egome
\AppData\Local\Package
s\PythonSoftwareFounda
tion.Python.3.11_qbz5n
2kfra8p0\LocalCache\lo
cal-packages\Python311
\site-packages\django\
conf\__init__.py", 
line 68, in _setup
    self._wrapped = Se
ttings(settings_module
)
                    ^^
^^^^^^^^^^^^^^^^^^^^^^
^
  File "C:\Users\egome
\AppData\Local\Package
s\PythonSoftwareFounda
tion.Python.3.11_qbz5n
2kfra8p0\LocalCache\lo
cal-packages\Python311
\site-packages\django\
conf\__init__.py", 
line 166, in __init__
    mod = importlib.im
port_module(self.SETTI
NGS_MODULE)
          ^^^^^^^^^^^^
^^^^^^^^^^^^^^^^^^^^^^
^^^^^^^^^^^
  File "C:\Program Fil
es\WindowsApps\PythonS
oftwareFoundation.Pyth
on.3.11_3.11.2544.0_x6
4__qbz5n2kfra8p0\Lib\i
mportlib\__init__.py",
 line 126, in 
import_module
    return _bootstrap.
_gcd_import(name[level
:], package, level)
           ^^^^^^^^^^^
^^^^^^^^^^^^^^^^^^^^^^
^^^^^^^^^^^^^^^^^^^
  File "<frozen import
lib._bootstrap>", 
line 1204, in 
_gcd_import
  File "<frozen import
lib._bootstrap>", 
line 1176, in 
_find_and_load
  File "<frozen import
lib._bootstrap>", 
line 1147, in _find_an
d_load_unlocked
  File "<frozen import
lib._bootstrap>", 
line 690, in 
_load_unlocked
  File "<frozen import
lib._bootstrap_externa
l>", line 940, in 
exec_module
  File "<frozen import
lib._bootstrap>", 
line 241, in _call_wit
h_frames_removed
  File "C:\Users\egome
\Desktop\python_projec
t\padel_project\padel_
project\settings.py", 
line 188, in <module>
    
print("\u26a0\ufe0f 
No CLOUDINARY_URL 
found. Using local 
filesystem storage.")
  File "C:\Program Fil
es\WindowsApps\PythonS
oftwareFoundation.Pyth
on.3.11_3.11.2544.0_x6
4__qbz5n2kfra8p0\Lib\e
ncodings\cp1252.py", 
line 19, in encode
    return codecs.char
map_encode(input,self.
errors,encoding_table)
[0]
           ^^^^^^^^^^^
^^^^^^^^^^^^^^^^^^^^^^
^^^^^^^^^^^^^^^^^^^^^^
UnicodeEncodeError: 
'charmap' codec can't 
encode characters in 
position 0-1: 
character maps to 
<undefined>
